
There are no discarded input sections

Memory Configuration

Name             Origin             Length             Attributes
FLASH            0x08000000         0x00100000         xr
SRAM             0x20000000         0x00020000         xrw
*default*        0x00000000         0xffffffff

Linker script and memory map

LOAD main.o
LOAD stm32f407_startup.o
                0x20020000                        _estack = (ORIGIN (SRAM) + LENGTH (SRAM))
                0x00000200                        __max_heap_size = 0x200
                0x00000400                        __max_stack_size = 0x400

.text           0x08000000      0x30c
                0x08000000                        . = ALIGN (0x4)
 *(.isr_vector_tbl)
 .isr_vector_tbl
                0x08000000      0x188 stm32f407_startup.o
                0x08000000                vector_tbl
 *(.text)
 .text          0x08000188       0xec main.o
                0x08000188                main
 .text          0x08000274       0x98 stm32f407_startup.o
                0x08000274                RTC_Alarm_IRQHandler
                0x08000274                HASH_RNG_IRQHandler
                0x08000274                EXTI2_IRQHandler
                0x08000274                TIM8_CC_IRQHandler
                0x08000274                DebugMon_Handler
                0x08000274                TIM1_CC_IRQHandler
                0x08000274                DMA2_Stream5_IRQHandler
                0x08000274                HardFault_Handler
                0x08000274                DMA1_Stream5_IRQHandler
                0x08000274                SysTick_Handler
                0x08000274                PVD_IRQHandler
                0x08000274                SDIO_IRQHandler
                0x08000274                TAMP_STAMP_IRQHandler
                0x08000274                PendSV_Handler
                0x08000274                NMI_Handler
                0x08000274                CAN2_RX1_IRQHandler
                0x08000274                EXTI3_IRQHandler
                0x08000274                TIM8_TRG_COM_TIM14_IRQHandler
                0x08000274                TIM1_UP_TIM10_IRQHandler
                0x08000274                TIM8_UP_TIM13_IRQHandler
                0x08000274                I2C3_ER_IRQHandler
                0x08000274                CAN1_TXIRQHandler
                0x08000274                EXTI0_IRQHandler
                0x08000274                I2C2_EV_IRQHandler
                0x08000274                DMA1_Stream2_IRQHandler
                0x08000274                FPU_IRQHandler
                0x08000274                OTG_HS_WKUP_IRQHandler
                0x08000274                UsageFault_Handler
                0x08000274                CAN2_SCE_IRQHandler
                0x08000274                DMA2_Stream2_IRQHandler
                0x08000274                SPI1_IRQHandler
                0x08000274                TIM6_DAC_IRQHandler
                0x08000274                TIM1_BRK_TIM9_IRQHandler
                0x08000274                DCMI_IRQHandler
                0x08000274                CAN2_RX0_IRQHandler
                0x08000274                DMA2_Stream3_IRQHandler
                0x08000274                USART6_IRQHandler
                0x08000274                USART3_IRQHandler
                0x08000274                CRYP_IRQHandler
                0x08000274                DMA2_Stream6_IRQHandler
                0x08000274                UART5_IRQHandler
                0x08000274                DMA2_Stream0_IRQHandler
                0x08000274                TIM4_IRQHandler
                0x08000274                I2C1_EV_IRQHandler
                0x08000274                DMA1_Stream6_IRQHandler
                0x08000274                CAN1_SCEIRQHandler
                0x08000274                DMA1_Stream1_IRQHandler
                0x08000274                UART4_IRQHandler
                0x08000274                TIM3_IRQHandler
                0x08000274                RCC_IRQHandler
                0x08000274                TIM8_BRK_TIM12_IRQHandler
                0x08000274                Default_Handler
                0x08000274                EXTI15_10_IRQHandler
                0x08000274                ADC_IRQHandler
                0x08000274                DMA1_Stream7_IRQHandler
                0x08000274                TIM7_IRQHandler
                0x08000274                CAN2_TX_IRQHandler
                0x08000274                TIM5_IRQHandler
                0x08000274                DMA2_Stream7_IRQHandler
                0x08000274                I2C3_EV_IRQHandler
                0x08000274                EXTI9_5_IRQHandler
                0x08000274                RTC_WKUP_IRQHandler
                0x08000274                ETH_WKUP_IRQHandler
                0x08000274                SPI2_IRQHandler
                0x08000274                OTG_HS_EP1_IN_IRQHandler
                0x08000274                MemManage_Handler
                0x08000274                DMA1_Stream0_IRQHandler
                0x08000274                SVC_Handler
                0x08000274                CAN1_RX1IRQHandler
                0x08000274                EXTI4_IRQHandler
                0x08000274                FSMC_IRQHandler
                0x08000274                ETH_IRQHandler
                0x08000274                OTG_HS_EP1_OUT_IRQHandler
                0x08000274                WWDG_IRQHandler
                0x08000274                CAN1_RX0IRQHandler
                0x08000274                TIM2_IRQHandler
                0x08000274                OTG_FS_WKUP_IRQHandler
                0x08000274                TIM1_TRG_COM_TIM11_IRQHandler
                0x08000274                OTG_HS_IRQHandler
                0x08000274                EXTI1_IRQHandler
                0x08000274                USART2_IRQHandler
                0x08000274                I2C2_ER_IRQHandler
                0x08000274                DMA2_Stream1_IRQHandler
                0x08000274                FLASH_IRQHandler
                0x08000274                DMA2_Stream4_IRQHandler
                0x08000274                BusFault_Handler
                0x08000274                USART1_IRQHandler
                0x08000274                OTG_FS_IRQHandler
                0x08000274                SPI3_IRQHandler
                0x08000274                DMA1_Stream4_IRQHandler
                0x08000274                I2C1_ER_IRQHandler
                0x08000274                DMA1_Stream3_IRQHandler
                0x0800027a                Reset_Handler
 *(.rodata)
                0x0800030c                        . = ALIGN (0x4)
                0x0800030c                        _etext = .

.glue_7         0x0800030c        0x0
 .glue_7        0x0800030c        0x0 linker stubs

.glue_7t        0x0800030c        0x0
 .glue_7t       0x0800030c        0x0 linker stubs

.vfp11_veneer   0x0800030c        0x0
 .vfp11_veneer  0x0800030c        0x0 linker stubs

.v4_bx          0x0800030c        0x0
 .v4_bx         0x0800030c        0x0 linker stubs

.iplt           0x0800030c        0x0
 .iplt          0x0800030c        0x0 stm32f407_startup.o

.rel.dyn        0x0800030c        0x0
 .rel.iplt      0x0800030c        0x0 stm32f407_startup.o

.data           0x20000000        0x0 load address 0x0800030c
                0x20000000                        . = ALIGN (0x4)
                0x20000000                        _sdata = .
 *(.data)
 .data          0x20000000        0x0 main.o
 .data          0x20000000        0x0 stm32f407_startup.o
                0x20000000                        . = ALIGN (0x4)
                0x20000000                        _edata = .

.igot.plt       0x20000000        0x0 load address 0x0800030c
 .igot.plt      0x20000000        0x0 stm32f407_startup.o

.bss            0x20000000        0x0 load address 0x0800030c
                0x20000000                        . = ALIGN (0x4)
                0x20000000                        _sbss = .
 *(.bss)
 .bss           0x20000000        0x0 main.o
 .bss           0x20000000        0x0 stm32f407_startup.o
                0x20000000                        . = ALIGN (0x4)
                0x20000000                        _ebss = .
OUTPUT(4_makefile_project.elf elf32-littlearm)
LOAD linker stubs

.comment        0x00000000       0x45
 .comment       0x00000000       0x45 main.o
                                 0x46 (size before relaxing)
 .comment       0x00000045        0x0 stm32f407_startup.o
                                 0x46 (size before relaxing)

.ARM.attributes
                0x00000000       0x2e
 .ARM.attributes
                0x00000000       0x2e main.o
 .ARM.attributes
                0x0000002e       0x2e stm32f407_startup.o
