../Src/rtc.c:25:13:rtc_set_asynch_prescaler	16	static
../Src/rtc.c:30:13:rtc_set_synch_prescaler	16	static
../Src/rtc.c:36:6:_rtc_enable_init_mode	4	static
../Src/rtc.c:41:6:_rtc_disable_init_mode	4	static
../Src/rtc.c:47:9:_rtc_isActiveflag_init	4	static
../Src/rtc.c:52:9:_rtc_isActiveflag_rs	4	static
../Src/rtc.c:57:16:rtc_init_seq	8	static
../Src/rtc.c:68:16:wait_for_synchro	4	static
../Src/rtc.c:79:16:exit_init_seq	8	static
../Src/rtc.c:89:13:rtc_date_config	24	static
../Src/rtc.c:104:13:rtc_time_config	24	static
../Src/rtc.c:118:6:rtc_init	8	static
../Src/rtc.c:176:9:rtc_convert_dec2bcd	16	static
../Src/rtc.c:181:9:rtc_convert_bcd2dec	16	static
../Src/rtc.c:186:10:rtc_date_get_day	4	static
../Src/rtc.c:191:10:rtc_date_get_month	4	static
../Src/rtc.c:196:10:rtc_date_get_year	4	static
../Src/rtc.c:201:10:rtc_time_get_second	4	static
../Src/rtc.c:206:10:rtc_time_get_minute	4	static
../Src/rtc.c:211:10:rtc_time_get_hour	4	static
