13:30:45 **** Incremental Build of configuration Debug for project RTC_Calendar ****
make -j8 all 
arm-none-eabi-gcc "../Src/rtc.c" -mcpu=cortex-m4 -std=gnu11 -g3 -DDEBUG -DSTM32 -DSTM32F407G_DISC1 -DSTM32F4 -DSTM32F407VGTx -DSTM32F407xx -c -I../Inc -I"C:/ST/STM32CubeIDE_1.19.0/projects/RTC_Calendar/chip_headers/CMSIS/Include" -I"C:/ST/STM32CubeIDE_1.19.0/projects/RTC_Calendar/chip_headers/CMSIS/Device/ST/STM32F4xx/Include" -O0 -ffunction-sections -fdata-sections -Wall -fstack-usage -fcyclomatic-complexity -MMD -MP -MF"Src/rtc.d" -MT"Src/rtc.o" --specs=nano.specs -mfpu=fpv4-sp-d16 -mfloat-abi=hard -mthumb -o "Src/rtc.o"
../Src/rtc.c: In function 'rtc_init_seq':
../Src/rtc.c:63:15: warning: the address of '_rtc_isActiveflag_init' will always evaluate as 'true' [-Waddress]
   63 |         while(!(_rtc_isActiveflag_init)) ;
      |               ^
../Src/rtc.c: In function 'wait_for_synchro':
../Src/rtc.c:74:15: warning: the address of '_rtc_isActiveflag_rs' will always evaluate as 'true' [-Waddress]
   74 |         while(!(_rtc_isActiveflag_rs)) ;
      |               ^
arm-none-eabi-gcc -o "RTC_Calendar.elf" @"objects.list"   -mcpu=cortex-m4 -T"C:\ST\STM32CubeIDE_1.19.0\projects\RTC_Calendar\STM32F407VGTX_FLASH.ld" --specs=nosys.specs -Wl,-Map="RTC_Calendar.map" -Wl,--gc-sections -static --specs=nano.specs -mfpu=fpv4-sp-d16 -mfloat-abi=hard -mthumb -Wl,--start-group -lc -lm -Wl,--end-group
Finished building target: RTC_Calendar.elf
 
arm-none-eabi-size  RTC_Calendar.elf 
arm-none-eabi-objdump -h -S RTC_Calendar.elf  > "RTC_Calendar.list"
   text	   data	    bss	    dec	    hex	filename
   7136	     92	   1940	   9168	   23d0	RTC_Calendar.elf
Finished building: default.size.stdout
 
Finished building: RTC_Calendar.list
 
13:30:47 **** Incremental Build of configuration Debug for project RTC_Calendar ****
make -j8 all 
arm-none-eabi-size  RTC_Calendar.elf 
   text	   data	    bss	    dec	    hex	filename
   7136	     92	   1940	   9168	   23d0	RTC_Calendar.elf
Finished building: default.size.stdout
 
